  console.log
    Γä╣∩╕Å Redis disabled (no REDIS_URL provided), using in-memory mode

      at CacheManager.log [as init] (utils/cache.js:23:25)

  console.log
    ≡ƒôè [Resume Analyzer] Loaded 193 skills in database

      at log (utils/unifiedAnalyzer.js:183:9)

(node:25196) ExperimentalWarning: VM Modules is an experimental feature and might change at any time
(Use `node --trace-warnings ...` to show where the warning was created)
(node:25196) [MONGOOSE] Warning: Duplicate schema index on {"timestamp":1} found. This is often due to declaring an index using both "index: true" and "schema.index()". Please remove the duplicate index definition.
(node:25196) [MONGOOSE] Warning: Duplicate schema index on {"email":1} found. This is often due to declaring an index using both "index: true" and "schema.index()". Please remove the duplicate index definition.
  console.log
    ≡ƒô¥ Connected to in-memory MongoDB for testing

      at Object.<anonymous> (tests/setup.js:17:13)

  console.debug
    {"level":"debug","timestamp":"2025-12-15T17:07:51.599Z","message":"≡ƒöÉ Login attempt:","email":"test@example.com","role":"student","hasPassword":true}

      at Object.debug (utils/logger.js:38:21)

  console.debug
    {"0":"N","1":"O","2":"T","3":" ","4":"F","5":"O","6":"U","7":"N","8":"D","level":"debug","timestamp":"2025-12-15T17:07:51.686Z","message":"≡ƒæñ User found:"}

      at Object.debug (utils/logger.js:38:21)

  console.debug
    {"level":"debug","timestamp":"2025-12-15T17:07:51.774Z","message":"≡ƒöÉ Login attempt:","email":"nonexistent@example.com","role":"student","hasPassword":true}

      at Object.debug (utils/logger.js:38:21)

  console.debug
    {"0":"N","1":"O","2":"T","3":" ","4":"F","5":"O","6":"U","7":"N","8":"D","level":"debug","timestamp":"2025-12-15T17:07:51.779Z","message":"≡ƒæñ User found:"}

      at Object.debug (utils/logger.js:38:21)

FAIL tests/integration/auth.test.js (8.17 s)
  Auth Integration Tests
    POST /api/v1/user/register
      ├ù should register a new user successfully (351 ms)
      ΓêÜ should validate required fields (34 ms)
      ├ù should prevent duplicate email registration (57 ms)
    POST /api/v1/user/login
      ├ù should login successfully with correct credentials (128 ms)
      ├ù should fail with incorrect password (48 ms)
      ΓêÜ should fail with non-existent email (47 ms)

  ΓùÅ Auth Integration Tests ΓÇ║ POST /api/v1/user/register ΓÇ║ should register a new user successfully

    expect(received).toBe(expected) // Object.is equality

    Expected: 201
    Received: 400

      19 |                 .send(userData);
      20 |
    > 21 |             expect(res.statusCode).toBe(201);
         |                                    ^
      22 |             expect(res.body.success).toBe(true);
      23 |             expect(res.body.user.email).toBe(userData.email);
      24 |             expect(res.body.token).toBeDefined(); // Should return JWT

      at Object.<anonymous> (tests/integration/auth.test.js:21:36)

  ΓùÅ Auth Integration Tests ΓÇ║ POST /api/v1/user/register ΓÇ║ should prevent duplicate email registration

    expect(received).toMatch(expected)

    Expected pattern: /exists/
    Received string:  "Validation failed"

      54 |
      55 |             expect(res.statusCode).toBe(400);
    > 56 |             expect(res.body.message).toMatch(/exists/);
         |                                      ^
      57 |         });
      58 |     });
      59 |

      at Object.<anonymous> (tests/integration/auth.test.js:56:38)

  ΓùÅ Auth Integration Tests ΓÇ║ POST /api/v1/user/login ΓÇ║ should login successfully with correct credentials

    expect(received).toBe(expected) // Object.is equality

    Expected: 200
    Received: 401

      72 |                 });
      73 |
    > 74 |             expect(res.statusCode).toBe(200);
         |                                    ^
      75 |             expect(res.body.success).toBe(true);
      76 |             expect(res.body.token).toBeDefined();
      77 |         });

      at Object.<anonymous> (tests/integration/auth.test.js:74:36)

  ΓùÅ Auth Integration Tests ΓÇ║ POST /api/v1/user/login ΓÇ║ should fail with incorrect password

    expect(received).toBe(expected) // Object.is equality

    Expected: 401
    Received: 429

      86 |                 });
      87 |
    > 88 |             expect(res.statusCode).toBe(401);
         |                                    ^
      89 |             expect(res.body.success).toBe(false);
      90 |         });
      91 |

      at Object.<anonymous> (tests/integration/auth.test.js:88:36)

-----------------------------|---------|----------|---------|---------|-----------------------------------------------------------------------------------------------------------------------------------------------------------------------------------------------------------------------------------
File                         | % Stmts | % Branch | % Funcs | % Lines | Uncovered Line #s                                                                                                                                                                                                                 
-----------------------------|---------|----------|---------|---------|-----------------------------------------------------------------------------------------------------------------------------------------------------------------------------------------------------------------------------------
All files                    |   13.84 |     2.16 |    3.08 |   14.38 |                                                                                                                                                                                                                                   
 backend                     |   53.77 |    11.76 |   18.75 |   53.84 |                                                                                                                                                                                                                                   
  index.js                   |   53.77 |    11.76 |   18.75 |   53.84 | 62,100-103,122-126,135-136,146,155-162,190,198-251,263-272,278-295,304,309-310                                                                                                                                                    
 backend/controllers         |    6.47 |      1.4 |    0.46 |     6.6 |                                                                                                                                                                                                                                   
  application.controller.js  |    6.58 |        0 |       0 |    6.62 | 8-56,63-84,89-109,113-162,170-209,218-240,249-282,291-383,392-436,447-480,489-543                                                                                                                                                 
  company.controller.js      |    4.94 |        0 |       0 |       5 | 13,18-23,28-302,311-331,340-359,368-408,419-491,500-614,623-646,655-707,716-768,777-818,827-869,880-927,936-1032,1041-1099,1108-1182                                                                                              
  interview.controller.js    |    5.41 |        0 |       0 |    5.47 | 13-127,136-180,189-205,214-241,250-266,275-305,319-392,397-463,472-514,523-622,631-686,697-745,754-798,807-847,856-904,913-952,965-1042,1051-1121,1130-1233,1242-1292,1301-1351,1360-1399,1408-1453,1462-1526,1535-1573,1582-1624 
  job.controller.js          |    4.96 |        0 |       0 |    5.22 | 9-88,97-180,189-225,234-283,292-355,364-413,422-455,464-494,503-539,548-562,571-653,662-692,701-765,776-818,827-840,849-926                                                                                                       
  mcq.controller.js          |    5.95 |        0 |       0 |    5.98 | 16-69,75-131,137-260,269-337,346-392,401-501,510-545,554-599                                                                                                                                                                      
  notification.controller.js |   10.22 |        0 |       0 |   10.22 | 6-46,55-65,74-118,127-148,157-169,178-216,225-246,255-264,270-279                                                                                                                                                                 
  otp.controller.js          |    7.14 |        0 |       0 |    7.22 | 8,21-71,80-189,198-254,263-286                                                                                                                                                                                                    
  paddle.controller.js       |   15.85 |    20.68 |       0 |   16.25 | 24-32,43-86,97-137,148-187,193-206,212,218,223,228,233,241                                                                                                                                                                        
  payment.controller.js      |    7.17 |     5.17 |       0 |    7.38 | 18-20,25-38,43-91,104-159,168-183,192-284,293-322,331-375,384-430,444-463,478-490,504-552,561-592,601-645                                                                                                                         
  subscription.controller.js |     6.3 |        0 |       0 |    6.36 | 6-28,37-123,132-187,196-239,248-277,286-312,321-338                                                                                                                                                                               
  user.controller.js         |    7.56 |     3.22 |    5.55 |    7.77 | 13,25-119,133,157-281,289-298,307-384,393-424,432-524,533-549,558-609,618-666,675-696,705-749,758-885                                                                                                                             
 backend/middlewares         |   28.06 |    16.81 |   28.94 |   28.37 |                                                                                                                                                                                                                                   
  cacheMiddleware.js         |   21.42 |        0 |      20 |   21.81 | 18-60,73-81,104-145                                                                                                                                                                                                               
  isAuthenticated.js         |   15.58 |     6.94 |   27.27 |   15.58 | 4-55,65-89,98-121,130-153,162-185,195-263,274-327,353-354,358,371-392                                                                                                                                                             
  mutler.js                  |     100 |      100 |     100 |     100 |                                                                                                                                                                                                                                   
  rateLimiters.js            |   30.23 |     8.69 |   11.11 |    31.7 | 20-70,95-98,233,247                                                                                                                                                                                                               
  validation.js              |   46.42 |       30 |    62.5 |   48.07 | 32-33,52,59,66,81,93-96,105,107,111,115,117,121,134-178,183-210                                                                                                                                                                   
 backend/models              |   42.85 |        0 |       0 |   47.24 |                                                                                                                                                                                                                                   
  ResumeAnalysis.js          |     100 |      100 |     100 |     100 |                                                                                                                                                                                                                                   
  application.model.js       |   63.15 |        0 |       0 |   63.15 | 232-233,238-244,249,259-262                                                                                                                                                                                                       
  auditLog.model.js          |   66.66 |        0 |       0 |   66.66 | 134,142,150-151,162                                                                                                                                                                                                               
  company.model.js           |   45.83 |        0 |       0 |   53.65 | 375-377,382-384,389,394-395,400-402,407,412-414,420-423                                                                                                                                                                           
  interview.model.js         |   30.88 |        0 |       0 |      35 | 444-446,451-453,458-466,471-474,479-503,508-511                                                                                                                                                                                   
  job.model.js               |   69.56 |        0 |       0 |   72.72 | 126-127,132,137-140                                                                                                                                                                                                               
  mcq.model.js               |   29.72 |        0 |       0 |   33.33 | 153-165,170-172,177,182-187,192-202                                                                                                                                                                                               
  notification.model.js      |   38.23 |        0 |       0 |   38.23 | 211-279,284,289,302-314,325-327,332-334                                                                                                                                                                                           
  review.model.js            |     100 |      100 |     100 |     100 |                                                                                                                                                                                                                                   
  user.model.js              |   27.58 |        0 |       0 |   34.78 | 296-303,308-312,317-320                                                                                                                                                                                                           
 backend/routes              |   23.72 |     0.59 |       0 |   24.31 |                                                                                                                                                                                                                                   
  application.route.js       |     100 |      100 |     100 |     100 |                                                                                                                                                                                                                                   
  company.route.js           |     100 |      100 |     100 |     100 |                                                                                                                                                                                                                                   
  interview.route.js         |     100 |      100 |     100 |     100 |                                                                                                                                                                                                                                   
  job.route.js               |     100 |      100 |     100 |     100 |                                                                                                                                                                                                                                   
  liveInterview.route.js     |    9.16 |        0 |       0 |    9.16 | 58-193,206-355,368-461,473-479,497,508-528                                                                                                                                                                                        
  mcq.route.js               |     100 |      100 |     100 |     100 |                                                                                                                                                                                                                                   
  mockInterviewRoutes.js     |   11.62 |        0 |       0 |   11.62 | 17-72,85-105,117-170,182-214                                                                                                                                                                                                      
  notification.route.js      |     100 |      100 |     100 |     100 |                                                                                                                                                                                                                                   
  otp.route.js               |     100 |      100 |     100 |     100 |                                                                                                                                                                                                                                   
  paddle.route.js            |     100 |      100 |     100 |     100 |                                                                                                                                                                                                                                   
  payment.route.js           |     100 |      100 |     100 |     100 |                                                                                                                                                                                                                                   
  practice.route.js          |    5.78 |        0 |       0 |    6.14 | 10-55,83-214,220-284,290-337,343-427                                                                                                                                                                                              
  resumeRoutes.js            |    9.58 |     1.52 |       0 |    9.87 | 34-42,48-51,63-93,99-112,118-128,134-160,175-240,254-274,284-405,411-465,471-502,508-536,542-550,564-567,582-825                                                                                                                  
  stats.route.js             |    4.62 |        0 |       0 |    4.85 | 17-78,92-130,143-205,217-343                                                                                                                                                                                                      
  subscription.route.js      |     100 |      100 |     100 |     100 |                                                                                                                                                                                                                                   
  trial.route.js             |   19.04 |        0 |       0 |   19.04 | 20-29,41-55,67-78                                                                                                                                                                                                                 
  user.route.js              |     100 |      100 |     100 |     100 |                                                                                                                                                                                                                                   
 backend/utils               |     9.9 |     0.67 |    2.15 |   10.63 |                                                                                                                                                                                                                                   
  aiService.js               |   10.93 |        0 |       0 |   11.11 | 62-204,211-225,233-254,261-367,375-434,442-488,503-546,554-605                                                                                                                                                                    
  aiServiceV2.js             |   18.01 |        0 |       0 |   18.47 | 98-109,116-129,136-137,144-153,161-164,188-345,353-371,383-435,442-491,498-535,542-577,584-644                                                                                                                                    
  applicantRanker.js         |    1.25 |        0 |       0 |    1.48 | 31-370                                                                                                                                                                                                                            
  auditLogger.js             |   11.11 |        0 |    5.88 |   12.76 | 28-62,72-74,93-240,263-292                                                                                                                                                                                                        
  cache.js                   |   16.66 |     8.69 |   15.78 |   17.72 | 28-171,181-188,199-204                                                                                                                                                                                                            
  cloudinary.js              |     100 |      100 |     100 |     100 |                                                                                                                                                                                                                                   
  datauri.js                 |      25 |      100 |       0 |      25 | 6-8                                                                                                                                                                                                                               
  db.js                      |    5.55 |        0 |       0 |    5.55 | 4-73,79-95                                                                                                                                                                                                                        
  elevenLabsService.js       |   18.91 |        0 |       0 |   21.21 | 69-123,135-166,173-187,195-220,233                                                                                                                                                                                                
  email.js                   |    7.84 |        0 |       0 |    7.84 | 5-45,50,58,67-91,96-196,202-289,295-429,435-580,586-683,689-864,870-941,949-1021,1027-1083,1089-1136,1142-1197                                                                                                                    
  emailService.js            |   15.62 |        0 |       0 |   15.62 | 10,15-20,40-77,88,109-111                                                                                                                                                                                                         
  embeddingService.js        |   10.37 |        0 |       0 |   13.25 | 21-58,68-105,116-130,141-150,162-172,179-189,196-208                                                                                                                                                                              
  jobMatcher.js              |     0.8 |        0 |       0 |    0.88 | 24-412                                                                                                                                                                                                                            
  logger.js                  |   42.85 |    14.28 |      25 |   42.85 | 7-29                                                                                                                                                                                                                              
  reportGenerator.js         |   12.72 |        0 |       0 |   14.58 | 38-166,188-214,261,279-286                                                                                                                                                                                                        
  resumeAnalyzer.js          |   14.28 |        0 |       0 |    15.5 | 22-25,34-37,111-115,123-134,141-157,165-185,203-234,242-305,314-389,408,415-418,434-436                                                                                                                                           
  socketManager.js           |    5.73 |        0 |       0 |    6.04 | 36-373,380-398,406-413,429-430                                                                                                                                                                                                    
  subscriptionMonitor.js     |    2.85 |        0 |    8.33 |    2.88 | 20-281,291                                                                                                                                                                                                                        
  supabase.js                |   33.33 |    38.46 |       0 |   33.33 | 10,16-42                                                                                                                                                                                                                          
  trialService.js            |    7.76 |        0 |       0 |    7.84 | 17-64,74-145,154-174,183-225,233-294,302-341,349-397                                                                                                                                                                              
  unifiedAnalyzer.js         |    8.12 |        0 |       0 |     8.9 | 30-113,186-244,258-361,379-513,517-520,524-526,537-553,561-562                                                                                                                                                                    
  vectorStore.js             |   12.59 |        0 |       0 |   14.04 | 42-59,66-83,90-109,120-136,143-160,167-186,197-214,221-240,252-281,289-315,346-348,356-359,366-379                                                                                                                                
-----------------------------|---------|----------|---------|---------|-----------------------------------------------------------------------------------------------------------------------------------------------------------------------------------------------------------------------------------
Test Suites: 1 failed, 1 total
Tests:       4 failed, 2 passed, 6 total
Snapshots:   0 total
Time:        8.825 s, estimated 10 s
Ran all test suites matching /tests\\integration\\auth.test.js/i.
Jest did not exit one second after the test run has completed.

'This usually means that there are asynchronous operations that weren't stopped in your tests. Consider running Jest with `--detectOpenHandles` to troubleshoot this issue.
